// Jest Snapshot v1, https://goo.gl/fbAQLP

exports[`Test Documentation Generation should generate documentation for sample profile 1`] = `
"<div><h1>Documentation</h1><h2>Resources</h2><div><h3><code>order</code></h3><pre>/**
 * This file was automatically generated by json-schema-to-typescript.
 * DO NOT MODIFY IT BY HAND. Instead, modify the source JSONSchema file,
 * and run json-schema-to-typescript to regenerate this file.
 */

export interface Order {
  orderNumber: number;
  itemCount: number;
  status: &quot;submitted&quot; | &quot;pending&quot; | &quot;completed&quot;;
  [k: string]: any;
}
</pre></div><div><h3><code>customer</code></h3><pre>/**
 * This file was automatically generated by json-schema-to-typescript.
 * DO NOT MODIFY IT BY HAND. Instead, modify the source JSONSchema file,
 * and run json-schema-to-typescript to regenerate this file.
 */

export interface Customer {
  customerId: string;
  name: string;
  [k: string]: any;
}
</pre></div></div>"
`;
